 customers: 8	sum: 00:16:34 average: 00:02:04 slowest: Royal     00:03:45 quickest: Royal     00:00:15
 customers: 8	sum: 00:26:30 average: 00:03:18 slowest: Arlena    00:04:38 quickest: Una       00:02:01
 customers: 8	sum: 00:21:11 average: 00:02:38 slowest: Luigi     00:04:26 quickest: Arlena    00:00:07
 customers: 8	sum: 00:20:43 average: 00:02:35 slowest: Luigi     00:03:31 quickest: Luigi     00:01:58
 customers: 8	sum: 00:19:25 average: 00:02:25 slowest: Viola     00:04:38 quickest: Luigi     00:00:37


 customers: 4	sum: 00:10:37 average: 00:02:39 slowest: Ferdinand 00:03:51 quickest: Glady     00:00:34
 customers: 51	sum: 02:11:23 average: 00:02:34 slowest: Ferdinand 00:04:58 quickest: Rossana   00:00:03
 customers: 75	sum: 03:11:19 average: 00:02:33 slowest: Ferdinand 00:04:58 quickest: Ferdinand 00:00:03
 customers: 40	sum: 01:43:54 average: 00:02:35 slowest: Kenyetta  00:05:00 quickest: Rossana   00:00:02
 customers: 18	sum: 00:49:47 average: 00:02:45 slowest: Dayle     00:04:45 quickest: Luigi     00:00:05
 customers: 5	sum: 00:12:11 average: 00:02:26 slowest: Una       00:04:09 quickest: Everette  00:00:41
 customers: 31	sum: 01:16:29 average: 00:02:28 slowest: Janeen    00:04:58 quickest: Jayna     00:00:06
 customers: 27	sum: 01:09:25 average: 00:02:34 slowest: Royal     00:04:59 quickest: Edie      00:00:06
 customers: 95	sum: 04:02:27 average: 00:02:33 slowest: Luigi     00:04:54 quickest: Luigi     00:00:01
 customers: 46	sum: 01:51:15 average: 00:02:25 slowest: Kenyetta  00:04:37 quickest: Edie      00:00:15


 customers: 33	sum: 01:17:14 average: 00:02:20 slowest: Royal     00:05:00 quickest: Edie      00:00:13
 customers: 70	sum: 03:02:47 average: 00:02:36 slowest: Ferdinand 00:05:00 quickest: Royal     00:00:04
