5  21   5  30	file1.txt
4  12   3  18	file2.txt
9  33   8  48	total
