 customers: 8	sum: 5m 29s 	average: 41s	slowest:  Zena      1m 5s    quickest: Zena      25s     
 customers: 8	sum: 5m 20s 	average: 40s	slowest:  Synthia   1m 11s   quickest: Kenyetta  19s     
 customers: 8	sum: 4m 35s 	average: 34s	slowest:  Royal     1m 11s   quickest: Kris      10s     
 customers: 8	sum: 5m 45s 	average: 43s	slowest:  Synthia   1m 12s   quickest: Everette  16s     
 customers: 8	sum: 7m 14s 	average: 54s	slowest:  Una       1m 13s   quickest: Dayle     31s     


 customers: 13	sum: 8m 51s 	average: 40s	slowest:  Una       1m 7s    quickest: Arlena    12s     
 customers: 2	sum: 1m 14s 	average: 37s	slowest:  Glady     1m 1s    quickest: Royal     13s     
 customers: 19	sum: 13m 12s 	average: 41s	slowest:  Lu        1m 14s   quickest: Glady     17s     
 customers: 16	sum: 11m 28s 	average: 43s	slowest:  Helga     1m 13s   quickest: Harrison  11s     
 customers: 9	sum: 5m 41s 	average: 37s	slowest:  Synthia   1m 11s   quickest: Almeda    12s     
 customers: 2	sum: 2m 2s 	average: 61s	slowest:  Almeda    1m 2s    quickest: Edie      1m      
 customers: 20	sum: 12m 45s 	average: 38s	slowest:  Viola     1m 9s    quickest: Augustina 14s     
 customers: 3	sum: 3m 10s 	average: 63s	slowest:  Helga     1m 13s   quickest: Arlena    44s     
 customers: 5	sum: 2m 44s 	average: 32s	slowest:  Zena      45s      quickest: Arlena    19s     
 customers: 20	sum: 14m 53s 	average: 44s	slowest:  Augustina 1m 13s   quickest: Lu        13s     


 customers: 4	sum: 1m 57s 	average: 29s	slowest:  Almeda    41s      quickest: Zena      10s     
 customers: 1	sum: 11s 	average: 11s	slowest:  Jayna     11s      quickest: Jayna     11s     
 customers: 18	sum: 14m 18s 	average: 47s	slowest:  Royal     1m 9s    quickest: Luigi     17s     
 customers: 3	sum: 1m 56s 	average: 38s	slowest:  Edie      54s      quickest: Dayle     12s     
 customers: 12	sum: 9m 38s 	average: 48s	slowest:  Yvone     1m 14s   quickest: Rossana   24s     
 customers: 16	sum: 10m 34s 	average: 39s	slowest:  Una       1m 3s    quickest: Royal     13s     
 customers: 11	sum: 9m 2s 	average: 49s	slowest:  Dayle     1m 14s   quickest: Rossana   26s     
 customers: 16	sum: 12m 58s 	average: 48s	slowest:  Synthia   1m 14s   quickest: Augustina 10s     
 customers: 3	sum: 1m 31s 	average: 30s	slowest:  Zena      59s      quickest: Arlena    10s     
 customers: 30	sum: 21m 41s 	average: 43s	slowest:  Edie      1m 12s   quickest: Lu        10s     
 customers: 8	sum: 5m 20s 	average: 40s	slowest:  Zena      1m       quickest: Synthia   18s     
 customers: 1	sum: 36s 	average: 36s	slowest:  Edie      36s      quickest: Edie      36s     
 customers: 5	sum: 3m 27s 	average: 41s	slowest:  Ferdinand 1m 3s    quickest: Arlena    12s     
 customers: 3	sum: 1m 47s 	average: 35s	slowest:  Lu        56s      quickest: Viola     10s     
 customers: 1	sum: 45s 	average: 45s	slowest:  Royal     45s      quickest: Royal     45s     
 customers: 7	sum: 5m 52s 	average: 50s	slowest:  Dayle     1m 10s   quickest: Yvone     15s     
 customers: 27	sum: 14m 56s 	average: 33s	slowest:  Synthia   1m 10s   quickest: Rossana   10s     
 customers: 15	sum: 10m 37s 	average: 42s	slowest:  Luigi     1m 12s   quickest: Juan      10s     
