Hello, blooser!

Bytes: 512
Multisect: 16
Config: 3162
Cyls: 16383
Bufer size: 0
Heads: 16
Sector Bytes: 0
Sectors: 63
